CRISIS AVERTED
CRISIS AVERTED
CRISIS AVERTED
CRISIS AVERTED
CRISIS AVERTED
CRISIS AVERTED
CRISIS AVERTED
CRISIS AVERTED
CRISIS AVERTED
CRISIS AVERTED
CRISIS AVERTED
CRISIS AVERTED
CRISIS AVERTED
CRISIS AVERTED
CRISIS AVERTED
CRISIS AVERTED
CRISIS AVERTED
CRISIS AVERTED
CRISIS AVERTED
CRISIS AVERTED
CRISIS AVERTED
CRISIS AVERTED
CRISIS AVERTED
CRISIS AVERTED
CRISIS AVERTED
CRISIS AVERTED
CRISIS AVERTED
CRISIS AVERTED
CRISIS AVERTED
CRISIS AVERTED
CRISIS AVERTED
CRISIS AVERTED
CRISIS AVERTED
CRISIS AVERTED
CRISIS AVERTED
CRISIS AVERTED
CRISIS AVERTED
CRISIS AVERTED
CRISIS AVERTED
CRISIS AVERTED
CRISIS AVERTED
CRISIS AVERTED
CRISIS AVERTED
CRISIS AVERTED
CRISIS AVERTED
CRISIS AVERTED
CRISIS AVERTED
CRISIS AVERTED
CRISIS AVERTED
CRISIS AVERTED
CRISIS AVERTED
CRISIS AVERTED
CRISIS AVERTED
CRISIS AVERTED
CRISIS AVERTED
CRISIS AVERTED
CRISIS AVERTED
CRISIS AVERTED
CRISIS AVERTED
CRISIS AVERTED
CRISIS AVERTED
CRISIS AVERTED
CRISIS AVERTED
CRISIS AVERTED
CRISIS AVERTED
CRISIS AVERTED
CRISIS AVERTED
CRISIS AVERTED
CRISIS AVERTED
CRISIS AVERTED
CRISIS AVERTED
CRISIS AVERTED
CRISIS AVERTED
CRISIS AVERTED
CRISIS AVERTED
CRISIS AVERTED
CRISIS AVERTED
CRISIS AVERTED
CRISIS AVERTED
CRISIS AVERTED
CRISIS AVERTED
CRISIS AVERTED
CRISIS AVERTED
CRISIS AVERTED
CRISIS AVERTED
CRISIS AVERTED
CRISIS AVERTED
CRISIS AVERTED
CRISIS AVERTED
CRISIS AVERTED
CRISIS AVERTED
CRISIS AVERTED
CRISIS AVERTED
CRISIS AVERTED
CRISIS AVERTED
CRISIS AVERTED
CRISIS AVERTED
CRISIS AVERTED
CRISIS AVERTED
CRISIS AVERTED
CRISIS AVERTED
CRISIS AVERTED
CRISIS AVERTED
CRISIS AVERTED
CRISIS AVERTED
CRISIS AVERTED
CRISIS AVERTED
CRISIS AVERTED
CRISIS AVERTED
CRISIS AVERTED
CRISIS AVERTED
CRISIS AVERTED
CRISIS AVERTED
CRISIS AVERTED
CRISIS AVERTED
CRISIS AVERTED
CRISIS AVERTED
CRISIS AVERTED
CRISIS AVERTED
CRISIS AVERTED
CRISIS AVERTED
CRISIS AVERTED
CRISIS AVERTED
CRISIS AVERTED
CRISIS AVERTED
CRISIS AVERTED
CRISIS AVERTED
CRISIS AVERTED
CRISIS AVERTED
CRISIS AVERTED
CRISIS AVERTED
CRISIS AVERTED
CRISIS AVERTED
CRISIS AVERTED
CRISIS AVERTED
CRISIS AVERTED
CRISIS AVERTED
CRISIS AVERTED
CRISIS AVERTED
CRISIS AVERTED
CRISIS AVERTED
CRISIS AVERTED
CRISIS AVERTED
CRISIS AVERTED
CRISIS AVERTED
CRISIS AVERTED
CRISIS AVERTED
CRISIS AVERTED
CRISIS AVERTED
CRISIS AVERTED
CRISIS AVERTED
CRISIS AVERTED
CRISIS AVERTED
CRISIS AVERTED
CRISIS AVERTED
CRISIS AVERTED
CRISIS AVERTED
CRISIS AVERTED
CRISIS AVERTED
CRISIS AVERTED
CRISIS AVERTED
CRISIS AVERTED
CRISIS AVERTED
CRISIS AVERTED
CRISIS AVERTED
CRISIS AVERTED
CRISIS AVERTED
CRISIS AVERTED
CRISIS AVERTED
CRISIS AVERTED
CRISIS AVERTED
CRISIS AVERTED
CRISIS AVERTED
CRISIS AVERTED
CRISIS AVERTED
CRISIS AVERTED
CRISIS AVERTED
CRISIS AVERTED
CRISIS AVERTED
CRISIS AVERTED
CRISIS AVERTED
CRISIS AVERTED
CRISIS AVERTED
CRISIS AVERTED
CRISIS AVERTED
CRISIS AVERTED
CRISIS AVERTED
CRISIS AVERTED
CRISIS AVERTED
CRISIS AVERTED
CRISIS AVERTED
CRISIS AVERTED
CRISIS AVERTED
CRISIS AVERTED
CRISIS AVERTED
CRISIS AVERTED
CRISIS AVERTED
CRISIS AVERTED
CRISIS AVERTED
CRISIS AVERTED
CRISIS AVERTED
CRISIS AVERTED
CRISIS AVERTED
CRISIS AVERTED
CRISIS AVERTED
CRISIS AVERTED
CRISIS AVERTED
CRISIS AVERTED
CRISIS AVERTED
CRISIS AVERTED
CRISIS AVERTED
CRISIS AVERTED
CRISIS AVERTED
CRISIS AVERTED
CRISIS AVERTED
CRISIS AVERTED
CRISIS AVERTED
CRISIS AVERTED
CRISIS AVERTED
CRISIS AVERTED
CRISIS AVERTED
CRISIS AVERTED
CRISIS AVERTED
CRISIS AVERTED
CRISIS AVERTED
CRISIS AVERTED
CRISIS AVERTED
CRISIS AVERTED
CRISIS AVERTED
CRISIS AVERTED
CRISIS AVERTED
CRISIS AVERTED
CRISIS AVERTED
CRISIS AVERTED
CRISIS AVERTED
CRISIS AVERTED
CRISIS AVERTED
CRISIS AVERTED
CRISIS AVERTED
CRISIS AVERTED
CRISIS AVERTED
CRISIS AVERTED
CRISIS AVERTED
CRISIS AVERTED
CRISIS AVERTED
CRISIS AVERTED
CRISIS AVERTED
CRISIS AVERTED
CRISIS AVERTED
CRISIS AVERTED
CRISIS AVERTED
CRISIS AVERTED
CRISIS AVERTED
CRISIS AVERTED
CRISIS AVERTED
CRISIS AVERTED
CRISIS AVERTED
CRISIS AVERTED
CRISIS AVERTED
CRISIS AVERTED
CRISIS AVERTED
CRISIS AVERTED
CRISIS AVERTED
CRISIS AVERTED
CRISIS AVERTED
CRISIS AVERTED
CRISIS AVERTED
CRISIS AVERTED
CRISIS AVERTED
CRISIS AVERTED
CRISIS AVERTED
CRISIS AVERTED
CRISIS AVERTED
CRISIS AVERTED
CRISIS AVERTED
CRISIS AVERTED
CRISIS AVERTED
CRISIS AVERTED
CRISIS AVERTED
CRISIS AVERTED
CRISIS AVERTED
CRISIS AVERTED
CRISIS AVERTED
CRISIS AVERTED
CRISIS AVERTED
CRISIS AVERTED
CRISIS AVERTED
CRISIS AVERTED
CRISIS AVERTED
CRISIS AVERTED
CRISIS AVERTED
CRISIS AVERTED
CRISIS AVERTED
CRISIS AVERTED
CRISIS AVERTED
CRISIS AVERTED
CRISIS AVERTED
CRISIS AVERTED
CRISIS AVERTED
CRISIS AVERTED
CRISIS AVERTED
CRISIS AVERTED
CRISIS AVERTED
CRISIS AVERTED
CRISIS AVERTED
CRISIS AVERTED
CRISIS AVERTED
CRISIS AVERTED
CRISIS AVERTED
CRISIS AVERTED
CRISIS AVERTED
CRISIS AVERTED
CRISIS AVERTED
CRISIS AVERTED
CRISIS AVERTED
CRISIS AVERTED
CRISIS AVERTED
CRISIS AVERTED
CRISIS AVERTED
CRISIS AVERTED
CRISIS AVERTED
CRISIS AVERTED
CRISIS AVERTED
CRISIS AVERTED
CRISIS AVERTED
CRISIS AVERTED
CRISIS AVERTED
CRISIS AVERTED
CRISIS AVERTED
CRISIS AVERTED
CRISIS AVERTED
CRISIS AVERTED
CRISIS AVERTED
CRISIS AVERTED
CRISIS AVERTED
CRISIS AVERTED
CRISIS AVERTED
CRISIS AVERTED
CRISIS AVERTED
CRISIS AVERTED
CRISIS AVERTED
CRISIS AVERTED
CRISIS AVERTED
CRISIS AVERTED
CRISIS AVERTED
CRISIS AVERTED
CRISIS AVERTED
CRISIS AVERTED
CRISIS AVERTED
CRISIS AVERTED
CRISIS AVERTED
CRISIS AVERTED
CRISIS AVERTED
CRISIS AVERTED
CRISIS AVERTED
CRISIS AVERTED
CRISIS AVERTED
CRISIS AVERTED
CRISIS AVERTED
CRISIS AVERTED
CRISIS AVERTED
CRISIS AVERTED
CRISIS AVERTED
CRISIS AVERTED
CRISIS AVERTED
CRISIS AVERTED
CRISIS AVERTED
CRISIS AVERTED
CRISIS AVERTED
CRISIS AVERTED
CRISIS AVERTED
CRISIS AVERTED
CRISIS AVERTED
CRISIS AVERTED
CRISIS AVERTED
CRISIS AVERTED
CRISIS AVERTED
CRISIS AVERTED
CRISIS AVERTED
CRISIS AVERTED
CRISIS AVERTED
CRISIS AVERTED
CRISIS AVERTED
CRISIS AVERTED
CRISIS AVERTED
CRISIS AVERTED
CRISIS AVERTED
CRISIS AVERTED
CRISIS AVERTED
CRISIS AVERTED
CRISIS AVERTED
CRISIS AVERTED
CRISIS AVERTED
CRISIS AVERTED
CRISIS AVERTED
CRISIS AVERTED
CRISIS AVERTED
CRISIS AVERTED
CRISIS AVERTED
CRISIS AVERTED
CRISIS AVERTED
CRISIS AVERTED
CRISIS AVERTED
CRISIS AVERTED
CRISIS AVERTED
CRISIS AVERTED
CRISIS AVERTED
CRISIS AVERTED
CRISIS AVERTED
CRISIS AVERTED
CRISIS AVERTED
CRISIS AVERTED
CRISIS AVERTED
CRISIS AVERTED
CRISIS AVERTED
CRISIS AVERTED
CRISIS AVERTED
CRISIS AVERTED
CRISIS AVERTED
CRISIS AVERTED
CRISIS AVERTED
CRISIS AVERTED
CRISIS AVERTED
CRISIS AVERTED
CRISIS AVERTED
CRISIS AVERTED
CRISIS AVERTED
CRISIS AVERTED
CRISIS AVERTED
CRISIS AVERTED
CRISIS AVERTED
CRISIS AVERTED
CRISIS AVERTED
CRISIS AVERTED
CRISIS AVERTED
CRISIS AVERTED
CRISIS AVERTED
CRISIS AVERTED
CRISIS AVERTED
CRISIS AVERTED
CRISIS AVERTED
CRISIS AVERTED
CRISIS AVERTED
CRISIS AVERTED
CRISIS AVERTED
CRISIS AVERTED
CRISIS AVERTED
CRISIS AVERTED
CRISIS AVERTED
CRISIS AVERTED
CRISIS AVERTED
CRISIS AVERTED
CRISIS AVERTED
CRISIS AVERTED
CRISIS AVERTED
CRISIS AVERTED
CRISIS AVERTED
CRISIS AVERTED
CRISIS AVERTED
CRISIS AVERTED
CRISIS AVERTED
CRISIS AVERTED
CRISIS AVERTED
CRISIS AVERTED
CRISIS AVERTED
CRISIS AVERTED
CRISIS AVERTED
CRISIS AVERTED
CRISIS AVERTED
CRISIS AVERTED
CRISIS AVERTED
CRISIS AVERTED
CRISIS AVERTED
CRISIS AVERTED
CRISIS AVERTED
CRISIS AVERTED
CRISIS AVERTED
CRISIS AVERTED
CRISIS AVERTED
CRISIS AVERTED
CRISIS AVERTED
CRISIS AVERTED
CRISIS AVERTED
CRISIS AVERTED
CRISIS AVERTED
CRISIS AVERTED
CRISIS AVERTED
CRISIS AVERTED
CRISIS AVERTED
CRISIS AVERTED
CRISIS AVERTED
CRISIS AVERTED
CRISIS AVERTED
CRISIS AVERTED
CRISIS AVERTED
CRISIS AVERTED
CRISIS AVERTED
CRISIS AVERTED
CRISIS AVERTED
CRISIS AVERTED
CRISIS AVERTED
CRISIS AVERTED
CRISIS AVERTED
CRISIS AVERTED
CRISIS AVERTED
CRISIS AVERTED
CRISIS AVERTED
CRISIS AVERTED
CRISIS AVERTED
CRISIS AVERTED
CRISIS AVERTED
CRISIS AVERTED
CRISIS AVERTED
CRISIS AVERTED
CRISIS AVERTED
CRISIS AVERTED
CRISIS AVERTED
CRISIS AVERTED
CRISIS AVERTED
CRISIS AVERTED
CRISIS AVERTED
CRISIS AVERTED
CRISIS AVERTED
CRISIS AVERTED
CRISIS AVERTED
CRISIS AVERTED
CRISIS AVERTED
CRISIS AVERTED
CRISIS AVERTED
CRISIS AVERTED
CRISIS AVERTED
CRISIS AVERTED
CRISIS AVERTED
CRISIS AVERTED
CRISIS AVERTED
CRISIS AVERTED
CRISIS AVERTED
CRISIS AVERTED
CRISIS AVERTED
CRISIS AVERTED
CRISIS AVERTED
CRISIS AVERTED
CRISIS AVERTED
CRISIS AVERTED
CRISIS AVERTED
CRISIS AVERTED
CRISIS AVERTED
CRISIS AVERTED
CRISIS AVERTED
CRISIS AVERTED
CRISIS AVERTED
CRISIS AVERTED
CRISIS AVERTED
CRISIS AVERTED
CRISIS AVERTED
CRISIS AVERTED
CRISIS AVERTED
CRISIS AVERTED
CRISIS AVERTED
CRISIS AVERTED
CRISIS AVERTED
CRISIS AVERTED
CRISIS AVERTED
CRISIS AVERTED
CRISIS AVERTED
CRISIS AVERTED
CRISIS AVERTED
CRISIS AVERTED
CRISIS AVERTED
CRISIS AVERTED
CRISIS AVERTED
CRISIS AVERTED
CRISIS AVERTED
CRISIS AVERTED
CRISIS AVERTED
CRISIS AVERTED
CRISIS AVERTED
CRISIS AVERTED
CRISIS AVERTED
CRISIS AVERTED
CRISIS AVERTED
CRISIS AVERTED
CRISIS AVERTED
CRISIS AVERTED
CRISIS AVERTED
CRISIS AVERTED
CRISIS AVERTED
CRISIS AVERTED
CRISIS AVERTED
CRISIS AVERTED
CRISIS AVERTED
CRISIS AVERTED
CRISIS AVERTED
CRISIS AVERTED
CRISIS AVERTED
CRISIS AVERTED
CRISIS AVERTED
CRISIS AVERTED
CRISIS AVERTED
CRISIS AVERTED
CRISIS AVERTED
CRISIS AVERTED
CRISIS AVERTED
CRISIS AVERTED
CRISIS AVERTED
CRISIS AVERTED
CRISIS AVERTED
CRISIS AVERTED
CRISIS AVERTED
CRISIS AVERTED
CRISIS AVERTED
CRISIS AVERTED
CRISIS AVERTED
CRISIS AVERTED
CRISIS AVERTED
CRISIS AVERTED
CRISIS AVERTED
CRISIS AVERTED
CRISIS AVERTED
CRISIS AVERTED
CRISIS AVERTED
CRISIS AVERTED
CRISIS AVERTED
CRISIS AVERTED
CRISIS AVERTED
CRISIS AVERTED
CRISIS AVERTED
CRISIS AVERTED
CRISIS AVERTED
CRISIS AVERTED
CRISIS AVERTED
CRISIS AVERTED
CRISIS AVERTED
CRISIS AVERTED
CRISIS AVERTED
CRISIS AVERTED
CRISIS AVERTED
CRISIS AVERTED
CRISIS AVERTED
CRISIS AVERTED
CRISIS AVERTED
CRISIS AVERTED
CRISIS AVERTED
CRISIS AVERTED
CRISIS AVERTED
CRISIS AVERTED
CRISIS AVERTED
CRISIS AVERTED
CRISIS AVERTED
CRISIS AVERTED
CRISIS AVERTED
CRISIS AVERTED
CRISIS AVERTED
CRISIS AVERTED
CRISIS AVERTED
CRISIS AVERTED
CRISIS AVERTED
CRISIS AVERTED
CRISIS AVERTED
CRISIS AVERTED
CRISIS AVERTED
CRISIS AVERTED
CRISIS AVERTED
CRISIS AVERTED
CRISIS AVERTED
CRISIS AVERTED
CRISIS AVERTED
CRISIS AVERTED
CRISIS AVERTED
CRISIS AVERTED
CRISIS AVERTED
CRISIS AVERTED
CRISIS AVERTED
CRISIS AVERTED
CRISIS AVERTED
CRISIS AVERTED
CRISIS AVERTED
CRISIS AVERTED
CRISIS AVERTED
CRISIS AVERTED
CRISIS AVERTED
CRISIS AVERTED
CRISIS AVERTED
CRISIS AVERTED
CRISIS AVERTED
CRISIS AVERTED
CRISIS AVERTED
CRISIS AVERTED
CRISIS AVERTED
CRISIS AVERTED
CRISIS AVERTED
CRISIS AVERTED
CRISIS AVERTED
CRISIS AVERTED
CRISIS AVERTED
CRISIS AVERTED
CRISIS AVERTED
CRISIS AVERTED
CRISIS AVERTED
CRISIS AVERTED
CRISIS AVERTED
CRISIS AVERTED
CRISIS AVERTED
CRISIS AVERTED
CRISIS AVERTED
CRISIS AVERTED
CRISIS AVERTED
CRISIS AVERTED
CRISIS AVERTED
CRISIS AVERTED
CRISIS AVERTED
CRISIS AVERTED
CRISIS AVERTED
CRISIS AVERTED
CRISIS AVERTED
CRISIS AVERTED
CRISIS AVERTED
CRISIS AVERTED
CRISIS AVERTED
CRISIS AVERTED
CRISIS AVERTED
CRISIS AVERTED
CRISIS AVERTED
CRISIS AVERTED
CRISIS AVERTED
CRISIS AVERTED
CRISIS AVERTED
CRISIS AVERTED
CRISIS AVERTED
CRISIS AVERTED
CRISIS AVERTED
CRISIS AVERTED
CRISIS AVERTED
CRISIS AVERTED
CRISIS AVERTED
CRISIS AVERTED
CRISIS AVERTED
CRISIS AVERTED
CRISIS AVERTED
CRISIS AVERTED
CRISIS AVERTED
CRISIS AVERTED
CRISIS AVERTED
CRISIS AVERTED
CRISIS AVERTED
CRISIS AVERTED
CRISIS AVERTED
CRISIS AVERTED
CRISIS AVERTED
CRISIS AVERTED
CRISIS AVERTED
CRISIS AVERTED
CRISIS AVERTED
CRISIS AVERTED
CRISIS AVERTED
CRISIS AVERTED
CRISIS AVERTED
CRISIS AVERTED
CRISIS AVERTED
CRISIS AVERTED
CRISIS AVERTED
CRISIS AVERTED
CRISIS AVERTED
CRISIS AVERTED
CRISIS AVERTED
CRISIS AVERTED
CRISIS AVERTED
CRISIS AVERTED
CRISIS AVERTED
CRISIS AVERTED
CRISIS AVERTED
CRISIS AVERTED
CRISIS AVERTED
CRISIS AVERTED
CRISIS AVERTED
CRISIS AVERTED
CRISIS AVERTED
CRISIS AVERTED
CRISIS AVERTED
CRISIS AVERTED
CRISIS AVERTED
CRISIS AVERTED
CRISIS AVERTED
CRISIS AVERTED
CRISIS AVERTED
CRISIS AVERTED
CRISIS AVERTED
CRISIS AVERTED
CRISIS AVERTED
CRISIS AVERTED
CRISIS AVERTED
CRISIS AVERTED
CRISIS AVERTED
CRISIS AVERTED
CRISIS AVERTED
CRISIS AVERTED
CRISIS AVERTED
CRISIS AVERTED
CRISIS AVERTED
CRISIS AVERTED
CRISIS AVERTED
CRISIS AVERTED
CRISIS AVERTED
CRISIS AVERTED
CRISIS AVERTED
CRISIS AVERTED
CRISIS AVERTED
CRISIS AVERTED
CRISIS AVERTED
CRISIS AVERTED
CRISIS AVERTED
CRISIS AVERTED
CRISIS AVERTED
CRISIS AVERTED
CRISIS AVERTED
CRISIS AVERTED
CRISIS AVERTED
CRISIS AVERTED
CRISIS AVERTED
CRISIS AVERTED
CRISIS AVERTED
CRISIS AVERTED
CRISIS AVERTED
CRISIS AVERTED
CRISIS AVERTED
CRISIS AVERTED
CRISIS AVERTED
CRISIS AVERTED
CRISIS AVERTED
CRISIS AVERTED
CRISIS AVERTED
CRISIS AVERTED
CRISIS AVERTED
CRISIS AVERTED
CRISIS AVERTED
CRISIS AVERTED
CRISIS AVERTED
CRISIS AVERTED
CRISIS AVERTED
CRISIS AVERTED
CRISIS AVERTED
CRISIS AVERTED
CRISIS AVERTED
CRISIS AVERTED
CRISIS AVERTED
CRISIS AVERTED
CRISIS AVERTED
CRISIS AVERTED
CRISIS AVERTED
CRISIS AVERTED
CRISIS AVERTED
CRISIS AVERTED
CRISIS AVERTED
CRISIS AVERTED
CRISIS AVERTED
CRISIS AVERTED
CRISIS AVERTED
CRISIS AVERTED
CRISIS AVERTED
CRISIS AVERTED
CRISIS AVERTED
CRISIS AVERTED
CRISIS AVERTED
CRISIS AVERTED
CRISIS AVERTED
CRISIS AVERTED
CRISIS AVERTED
CRISIS AVERTED
CRISIS AVERTED
CRISIS AVERTED
CRISIS AVERTED
CRISIS AVERTED
CRISIS AVERTED
CRISIS AVERTED
CRISIS AVERTED
CRISIS AVERTED
CRISIS AVERTED
CRISIS AVERTED
CRISIS AVERTED
CRISIS AVERTED
CRISIS AVERTED
CRISIS AVERTED
CRISIS AVERTED
CRISIS AVERTED
CRISIS AVERTED
CRISIS AVERTED
CRISIS AVERTED
CRISIS AVERTED
CRISIS AVERTED
CRISIS AVERTED
CRISIS AVERTED
CRISIS AVERTED
CRISIS AVERTED
CRISIS AVERTED
CRISIS AVERTED
CRISIS AVERTED
CRISIS AVERTED
CRISIS AVERTED
CRISIS AVERTED
CRISIS AVERTED
CRISIS AVERTED
CRISIS AVERTED
CRISIS AVERTED
CRISIS AVERTED
CRISIS AVERTED
CRISIS AVERTED
CRISIS AVERTED
CRISIS AVERTED
CRISIS AVERTED
CRISIS AVERTED
CRISIS AVERTED
CRISIS AVERTED
CRISIS AVERTED
CRISIS AVERTED
CRISIS AVERTED
CRISIS AVERTED
CRISIS AVERTED
CRISIS AVERTED
CRISIS AVERTED
CRISIS AVERTED
CRISIS AVERTED
CRISIS AVERTED
CRISIS AVERTED
CRISIS AVERTED
CRISIS AVERTED
CRISIS AVERTED
CRISIS AVERTED
CRISIS AVERTED
CRISIS AVERTED
CRISIS AVERTED
CRISIS AVERTED
CRISIS AVERTED
CRISIS AVERTED
CRISIS AVERTED
CRISIS AVERTED
CRISIS AVERTED
CRISIS AVERTED
CRISIS AVERTED
CRISIS AVERTED
CRISIS AVERTED
CRISIS AVERTED
CRISIS AVERTED
CRISIS AVERTED
CRISIS AVERTED
CRISIS AVERTED
CRISIS AVERTED
CRISIS AVERTED
CRISIS AVERTED
CRISIS AVERTED
CRISIS AVERTED
CRISIS AVERTED
CRISIS AVERTED
CRISIS AVERTED
CRISIS AVERTED
CRISIS AVERTED
CRISIS AVERTED
CRISIS AVERTED
CRISIS AVERTED
CRISIS AVERTED
CRISIS AVERTED
CRISIS AVERTED
CRISIS AVERTED
CRISIS AVERTED
CRISIS AVERTED
CRISIS AVERTED
CRISIS AVERTED
CRISIS AVERTED
CRISIS AVERTED
CRISIS AVERTED
CRISIS AVERTED
CRISIS AVERTED
CRISIS AVERTED
CRISIS AVERTED
CRISIS AVERTED
CRISIS AVERTED
CRISIS AVERTED
CRISIS AVERTED
CRISIS AVERTED
CRISIS AVERTED
CRISIS AVERTED
CRISIS AVERTED
CRISIS AVERTED
CRISIS AVERTED
CRISIS AVERTED
CRISIS AVERTED
CRISIS AVERTED
CRISIS AVERTED
CRISIS AVERTED
CRISIS AVERTED
CRISIS AVERTED
CRISIS AVERTED
CRISIS AVERTED
CRISIS AVERTED
CRISIS AVERTED
CRISIS AVERTED
CRISIS AVERTED
CRISIS AVERTED
CRISIS AVERTED
CRISIS AVERTED
CRISIS AVERTED
