CRISIS AVERTED
CRISIS AVERTED
CRISIS AVERTED
IMMINENT DISASTER
CRISIS AVERTED
CRISIS AVERTED
CRISIS AVERTED
CRISIS AVERTED
IMMINENT DISASTER
IMMINENT DISASTER
CRISIS AVERTED
CRISIS AVERTED
IMMINENT DISASTER
CRISIS AVERTED
CRISIS AVERTED
CRISIS AVERTED
CRISIS AVERTED
CRISIS AVERTED
CRISIS AVERTED
IMMINENT DISASTER
CRISIS AVERTED
CRISIS AVERTED
IMMINENT DISASTER
IMMINENT DISASTER
CRISIS AVERTED
CRISIS AVERTED
CRISIS AVERTED
CRISIS AVERTED
IMMINENT DISASTER
CRISIS AVERTED
CRISIS AVERTED
IMMINENT DISASTER
CRISIS AVERTED
CRISIS AVERTED
CRISIS AVERTED
CRISIS AVERTED
IMMINENT DISASTER
IMMINENT DISASTER
CRISIS AVERTED
CRISIS AVERTED
IMMINENT DISASTER
CRISIS AVERTED
CRISIS AVERTED
CRISIS AVERTED
CRISIS AVERTED
CRISIS AVERTED
CRISIS AVERTED
IMMINENT DISASTER
CRISIS AVERTED
CRISIS AVERTED
IMMINENT DISASTER
IMMINENT DISASTER
CRISIS AVERTED
CRISIS AVERTED
CRISIS AVERTED
CRISIS AVERTED
IMMINENT DISASTER
CRISIS AVERTED
CRISIS AVERTED
CRISIS AVERTED
